// Jest Snapshot v1, https://goo.gl/fbAQLP

exports[`Main App should render correctly 1`] = `
<div
  className="App"
>
  <div
    className="calc wrap"
  >
    <div
      className="calc-display"
    >
      <span>
        Set Value
      </span>
    </div>
  </div>
  <div
    className="keyboard wrap"
  >
    <div
      className="numpad"
    >
      <button
        id="button-7"
        onClick={[Function]}
      >
        7
      </button>
      <button
        id="button-8"
        onClick={[Function]}
      >
        8
      </button>
      <button
        id="button-9"
        onClick={[Function]}
      >
        9
      </button>
      <button
        id="button-4"
        onClick={[Function]}
      >
        4
      </button>
      <button
        id="button-5"
        onClick={[Function]}
      >
        5
      </button>
      <button
        id="button-6"
        onClick={[Function]}
      >
        6
      </button>
      <button
        id="button-1"
        onClick={[Function]}
      >
        1
      </button>
      <button
        id="button-2"
        onClick={[Function]}
      >
        2
      </button>
      <button
        id="button-3"
        onClick={[Function]}
      >
        3
      </button>
      <button
        id="button-0"
        onClick={[Function]}
      >
        0
      </button>
      <button
        id="button-."
        onClick={[Function]}
      >
        .
      </button>
    </div>
    <div
      className="actionpad"
    >
      <button
        id="button-c"
        onClick={[Function]}
      >
        c
      </button>
      <button
        id="button-+"
        onClick={[Function]}
      >
        +
      </button>
      <button
        id="button--"
        onClick={[Function]}
      >
        -
      </button>
      <button
        id="button-*"
        onClick={[Function]}
      >
        *
      </button>
      <button
        id="button-/"
        onClick={[Function]}
      >
        /
      </button>
      <button
        id="button-="
        onClick={[Function]}
      >
        =
      </button>
    </div>
  </div>
</div>
`;
